
> vite_react_shadcn_ts@0.0.0 build
> vite build

[36mvite v5.4.19 [32mbuilding for production...[36m[39m
transforming...
node.exe : Browserslist: browsers data (caniuse-lite) is 7 months old. Please run:
строка:1 знак:1
+ & "C:\Program Files\nodejs/node.exe" "C:\Program Files\nodejs/node_mo ...
+ ~~~~~~~~~~~~~~~~~~~~~~~~~~~~~~~~~~~~~~~~~~~~~~~~~~~~~~~~~~~~~~~~~~~~~
    + CategoryInfo          : NotSpecified: (Browserslist: b...ld. Please run::String) [], RemoteException
    + FullyQualifiedErrorId : NativeCommandError
 
  npx update-browserslist-db@latest
  Why you should do it regularly: https://github.com/browserslist/update-db#readme
[32mтЬУ[39m 2194 modules transformed.
[31mx[39m Build failed in 7.48s
[31merror during build:
[31msrc/pages/NewsDetail.tsx (7:9): "newsItems" is not exported by "src/pages/News.tsx", imported by "src/pa
ges/NewsDetail.tsx".[31m
file: [36mC:/Users/user/Desktop/General-Construction/frontend/src/pages/NewsDetail.tsx:7:9[31m
[33m
5: import Footer from "@/components/layout/Footer";
6: import { useLanguage } from "@/lib/i18n";
7: import { newsItems } from "./News";
            ^
8: 
9: export default function NewsDetail() {
[31m
    at getRollupError (file:///C:/Users/user/Desktop/General-Construction/frontend/node_modules/rollup/dist/e
s/shared/parseAst.js:395:41)
    at error (file:///C:/Users/user/Desktop/General-Construction/frontend/node_modules/rollup/dist/es/shared/
parseAst.js:391:42)
    at Module.error (file:///C:/Users/user/Desktop/General-Construction/frontend/node_modules/rollup/dist/es/
shared/node-entry.js:15535:16)
    at Module.traceVariable (file:///C:/Users/user/Desktop/General-Construction/frontend/node_modules/rollup/
dist/es/shared/node-entry.js:15984:29)
    at ModuleScope.findVariable (file:///C:/Users/user/Desktop/General-Construction/frontend/node_modules/rol
lup/dist/es/shared/node-entry.js:13770:39)
    at FunctionScope.findVariable (file:///C:/Users/user/Desktop/General-Construction/frontend/node_modules/r
ollup/dist/es/shared/node-entry.js:5252:38)
    at FunctionBodyScope.findVariable (file:///C:/Users/user/Desktop/General-Construction/frontend/node_modul
es/rollup/dist/es/shared/node-entry.js:5252:38)
    at MemberExpression.bind (file:///C:/Users/user/Desktop/General-Construction/frontend/node_modules/rollup
/dist/es/shared/node-entry.js:6891:49)
    at CallExpression.bind (file:///C:/Users/user/Desktop/General-Construction/frontend/node_modules/rollup/d
ist/es/shared/node-entry.js:2855:23)
    at CallExpression.bind (file:///C:/Users/user/Desktop/General-Construction/frontend/node_modules/rollup/d
ist/es/shared/node-entry.js:11235:15)[39m
